[2025-05-18 12:05:06Z INFO HostContext] No proxy settings were found based on environmental variables (http_proxy/https_proxy/HTTP_PROXY/HTTPS_PROXY)
[2025-05-18 12:05:06Z INFO HostContext] Well known directory 'Bin': 'D:\facultate\idp\IDP_PROJECT\actions-runner\bin'
[2025-05-18 12:05:06Z INFO HostContext] Well known directory 'Root': 'D:\facultate\idp\IDP_PROJECT\actions-runner'
[2025-05-18 12:05:06Z INFO HostContext] Well known config file 'Credentials': 'D:\facultate\idp\IDP_PROJECT\actions-runner\.credentials'
[2025-05-18 12:05:06Z INFO HostContext] Well known directory 'Bin': 'D:\facultate\idp\IDP_PROJECT\actions-runner\bin'
[2025-05-18 12:05:06Z INFO HostContext] Well known directory 'Root': 'D:\facultate\idp\IDP_PROJECT\actions-runner'
[2025-05-18 12:05:06Z INFO HostContext] Well known config file 'Runner': 'D:\facultate\idp\IDP_PROJECT\actions-runner\.runner'
[2025-05-18 12:05:06Z INFO Listener] Runner is built for Windows (X64) - win-x64.
[2025-05-18 12:05:06Z INFO Listener] RuntimeInformation: Microsoft Windows 10.0.26100.
[2025-05-18 12:05:06Z INFO Listener] Version: 2.324.0
[2025-05-18 12:05:06Z INFO Listener] Commit: da3412efd49b1cf1a0fbdcbcee4e4ac4cc2177c8
[2025-05-18 12:05:06Z INFO Listener] Culture: en-150
[2025-05-18 12:05:06Z INFO Listener] UI Culture: en-US
[2025-05-18 12:05:06Z INFO HostContext] Well known directory 'Bin': 'D:\facultate\idp\IDP_PROJECT\actions-runner\bin'
[2025-05-18 12:05:06Z INFO HostContext] Well known directory 'Root': 'D:\facultate\idp\IDP_PROJECT\actions-runner'
[2025-05-18 12:05:06Z INFO Listener] Validating directory permissions for: 'D:\facultate\idp\IDP_PROJECT\actions-runner'
[2025-05-18 12:05:06Z INFO CommandLineParser] Parse
[2025-05-18 12:05:06Z INFO CommandLineParser] Parsing 5 args
[2025-05-18 12:05:06Z INFO CommandLineParser] parsing argument
[2025-05-18 12:05:06Z INFO CommandLineParser] HasArgs: False
[2025-05-18 12:05:06Z INFO CommandLineParser] Adding Command: configure
[2025-05-18 12:05:06Z INFO CommandLineParser] parsing argument
[2025-05-18 12:05:06Z INFO CommandLineParser] HasArgs: True
[2025-05-18 12:05:06Z INFO CommandLineParser] arg: url
[2025-05-18 12:05:06Z INFO CommandLineParser] parsing argument
[2025-05-18 12:05:06Z INFO CommandLineParser] HasArgs: True
[2025-05-18 12:05:06Z INFO CommandLineParser] Adding option 'url': 'https://github.com/ultracln/IDP_PROJECT'
[2025-05-18 12:05:06Z INFO CommandLineParser] parsing argument
[2025-05-18 12:05:06Z INFO CommandLineParser] HasArgs: True
[2025-05-18 12:05:06Z INFO CommandLineParser] arg: token
[2025-05-18 12:05:06Z INFO CommandLineParser] parsing argument
[2025-05-18 12:05:06Z INFO CommandLineParser] HasArgs: True
[2025-05-18 12:05:06Z INFO CommandLineParser] Adding option 'token': '***'
[2025-05-18 12:05:06Z INFO Listener] Arguments parsed
[2025-05-18 12:05:06Z INFO Runner] ExecuteCommand
[2025-05-18 12:05:06Z INFO ConfigurationStore] currentAssemblyLocation: D:\facultate\idp\IDP_PROJECT\actions-runner\bin\Runner.Listener.dll
[2025-05-18 12:05:06Z INFO HostContext] Well known directory 'Bin': 'D:\facultate\idp\IDP_PROJECT\actions-runner\bin'
[2025-05-18 12:05:06Z INFO ConfigurationStore] binPath: D:\facultate\idp\IDP_PROJECT\actions-runner\bin
[2025-05-18 12:05:06Z INFO HostContext] Well known directory 'Bin': 'D:\facultate\idp\IDP_PROJECT\actions-runner\bin'
[2025-05-18 12:05:06Z INFO HostContext] Well known directory 'Root': 'D:\facultate\idp\IDP_PROJECT\actions-runner'
[2025-05-18 12:05:06Z INFO ConfigurationStore] RootFolder: D:\facultate\idp\IDP_PROJECT\actions-runner
[2025-05-18 12:05:06Z INFO HostContext] Well known directory 'Bin': 'D:\facultate\idp\IDP_PROJECT\actions-runner\bin'
[2025-05-18 12:05:06Z INFO HostContext] Well known directory 'Root': 'D:\facultate\idp\IDP_PROJECT\actions-runner'
[2025-05-18 12:05:06Z INFO HostContext] Well known config file 'Runner': 'D:\facultate\idp\IDP_PROJECT\actions-runner\.runner'
[2025-05-18 12:05:06Z INFO ConfigurationStore] ConfigFilePath: D:\facultate\idp\IDP_PROJECT\actions-runner\.runner
[2025-05-18 12:05:06Z INFO HostContext] Well known directory 'Bin': 'D:\facultate\idp\IDP_PROJECT\actions-runner\bin'
[2025-05-18 12:05:06Z INFO HostContext] Well known directory 'Root': 'D:\facultate\idp\IDP_PROJECT\actions-runner'
[2025-05-18 12:05:06Z INFO HostContext] Well known config file 'MigratedRunner': 'D:\facultate\idp\IDP_PROJECT\actions-runner\.runner_migrated'
[2025-05-18 12:05:06Z INFO ConfigurationStore] MigratedConfigFilePath: D:\facultate\idp\IDP_PROJECT\actions-runner\.runner_migrated
[2025-05-18 12:05:06Z INFO HostContext] Well known directory 'Bin': 'D:\facultate\idp\IDP_PROJECT\actions-runner\bin'
[2025-05-18 12:05:06Z INFO HostContext] Well known directory 'Root': 'D:\facultate\idp\IDP_PROJECT\actions-runner'
[2025-05-18 12:05:06Z INFO HostContext] Well known config file 'Credentials': 'D:\facultate\idp\IDP_PROJECT\actions-runner\.credentials'
[2025-05-18 12:05:06Z INFO ConfigurationStore] CredFilePath: D:\facultate\idp\IDP_PROJECT\actions-runner\.credentials
[2025-05-18 12:05:06Z INFO HostContext] Well known directory 'Bin': 'D:\facultate\idp\IDP_PROJECT\actions-runner\bin'
[2025-05-18 12:05:06Z INFO HostContext] Well known directory 'Root': 'D:\facultate\idp\IDP_PROJECT\actions-runner'
[2025-05-18 12:05:06Z INFO HostContext] Well known config file 'MigratedCredentials': 'D:\facultate\idp\IDP_PROJECT\actions-runner\.credentials_migrated'
[2025-05-18 12:05:06Z INFO ConfigurationStore] MigratedCredFilePath: D:\facultate\idp\IDP_PROJECT\actions-runner\.credentials_migrated
[2025-05-18 12:05:06Z INFO HostContext] Well known directory 'Bin': 'D:\facultate\idp\IDP_PROJECT\actions-runner\bin'
[2025-05-18 12:05:06Z INFO HostContext] Well known directory 'Root': 'D:\facultate\idp\IDP_PROJECT\actions-runner'
[2025-05-18 12:05:06Z INFO HostContext] Well known config file 'Service': 'D:\facultate\idp\IDP_PROJECT\actions-runner\.service'
[2025-05-18 12:05:06Z INFO ConfigurationStore] ServiceConfigFilePath: D:\facultate\idp\IDP_PROJECT\actions-runner\.service
[2025-05-18 12:05:06Z INFO CommandSettings] Flag 'help': 'False'
[2025-05-18 12:05:06Z INFO CommandSettings] Flag 'version': 'False'
[2025-05-18 12:05:06Z INFO CommandSettings] Flag 'commit': 'False'
[2025-05-18 12:05:06Z INFO CommandSettings] Flag 'check': 'False'
[2025-05-18 12:05:06Z INFO CommandSettings] Command 'configure': 'True'
[2025-05-18 12:05:06Z INFO Terminal] WRITE LINE: 
[2025-05-18 12:05:06Z INFO Terminal] WRITE LINE: --------------------------------------------------------------------------------
[2025-05-18 12:05:06Z INFO Terminal] WRITE LINE: |        ____ _ _   _   _       _          _        _   _                      |
[2025-05-18 12:05:06Z INFO Terminal] WRITE LINE: |       / ___(_) |_| | | |_   _| |__      / \   ___| |_(_) ___  _ __  ___      |
[2025-05-18 12:05:06Z INFO Terminal] WRITE LINE: |      | |  _| | __| |_| | | | | '_ \    / _ \ / __| __| |/ _ \| '_ \/ __|     |
[2025-05-18 12:05:06Z INFO Terminal] WRITE LINE: |      | |_| | | |_|  _  | |_| | |_) |  / ___ \ (__| |_| | (_) | | | \__ \     |
[2025-05-18 12:05:06Z INFO Terminal] WRITE LINE: |       \____|_|\__|_| |_|\__,_|_.__/  /_/   \_\___|\__|_|\___/|_| |_|___/     |
[2025-05-18 12:05:06Z INFO Terminal] WRITE LINE: |                                                                              |
[2025-05-18 12:05:06Z INFO Terminal] WRITE: |                       
[2025-05-18 12:05:06Z INFO Terminal] WRITE: Self-hosted runner registration
[2025-05-18 12:05:06Z INFO Terminal] WRITE LINE:                         |
[2025-05-18 12:05:06Z INFO Terminal] WRITE LINE: |                                                                              |
[2025-05-18 12:05:06Z INFO Terminal] WRITE LINE: --------------------------------------------------------------------------------
[2025-05-18 12:05:06Z INFO ConfigurationManager] ConfigureAsync
[2025-05-18 12:05:06Z INFO CommandSettings] Flag 'generateServiceConfig': 'False'
[2025-05-18 12:05:06Z INFO ConfigurationStore] IsConfigured()
[2025-05-18 12:05:06Z INFO ConfigurationStore] IsConfigured: False
[2025-05-18 12:05:06Z INFO ConfigurationManager] Is configured: False
[2025-05-18 12:05:06Z INFO CommandSettings] Arg 'url': 'https://github.com/ultracln/IDP_PROJECT'
[2025-05-18 12:05:06Z INFO CommandSettings] Remove url from Arg dictionary.
[2025-05-18 12:05:06Z INFO CommandSettings] Arg 'token': '***'
[2025-05-18 12:05:06Z INFO CommandSettings] Remove token from Arg dictionary.
[2025-05-18 12:05:07Z INFO ConfigurationManager] Http response code: OK from 'POST https://api.github.com/actions/runner-registration' (E64E:A1E6D:68CA2BC:6CB22C9:6829CCF2)
[2025-05-18 12:05:07Z INFO ConfigurationManager] Using V2 flow: False
[2025-05-18 12:05:07Z INFO ConfigurationManager] cred retrieved via GitHub auth
[2025-05-18 12:05:07Z INFO RunnerServer] EstablishVssConnection
[2025-05-18 12:05:07Z INFO RunnerServer] Establish connection with 100 seconds timeout.
[2025-05-18 12:05:07Z INFO GitHubActionsService] Starting operation Location.GetConnectionData
[2025-05-18 12:05:07Z INFO RunnerServer] EstablishVssConnection
[2025-05-18 12:05:07Z INFO RunnerServer] Establish connection with 60 seconds timeout.
[2025-05-18 12:05:07Z INFO GitHubActionsService] Starting operation Location.GetConnectionData
[2025-05-18 12:05:07Z INFO RunnerServer] EstablishVssConnection
[2025-05-18 12:05:07Z INFO RunnerServer] Establish connection with 60 seconds timeout.
[2025-05-18 12:05:07Z INFO GitHubActionsService] Starting operation Location.GetConnectionData
[2025-05-18 12:05:08Z INFO GitHubActionsService] Finished operation Location.GetConnectionData
[2025-05-18 12:05:08Z INFO GitHubActionsService] Finished operation Location.GetConnectionData
[2025-05-18 12:05:08Z INFO GitHubActionsService] Finished operation Location.GetConnectionData
[2025-05-18 12:05:08Z INFO Terminal] WRITE LINE: 
[2025-05-18 12:05:08Z INFO ConfigurationManager] Test Connection complete.
[2025-05-18 12:05:08Z INFO HostContext] Well known directory 'Bin': 'D:\facultate\idp\IDP_PROJECT\actions-runner\bin'
[2025-05-18 12:05:08Z INFO HostContext] Well known directory 'Root': 'D:\facultate\idp\IDP_PROJECT\actions-runner'
[2025-05-18 12:05:08Z INFO HostContext] Well known config file 'RSACredentials': 'D:\facultate\idp\IDP_PROJECT\actions-runner\.credentials_rsaparams'
[2025-05-18 12:05:08Z INFO RSAEncryptedFileKeyManager] Creating new RSA key using 2048-bit key length
[2025-05-18 12:05:08Z INFO RSAEncryptedFileKeyManager] Successfully saved RSA key parameters to file D:\facultate\idp\IDP_PROJECT\actions-runner\.credentials_rsaparams
[2025-05-18 12:05:08Z INFO CommandSettings] Arg 'runnergroup': ''
[2025-05-18 12:05:08Z INFO CommandSettings] Flag 'unattended': 'False'
[2025-05-18 12:05:08Z INFO PromptManager] ReadValue
[2025-05-18 12:05:08Z INFO Terminal] WRITE: Enter the name of the runner group to add this runner to: 
[2025-05-18 12:05:08Z INFO Terminal] WRITE: [press Enter for Default] 
[2025-05-18 12:05:08Z INFO Terminal] READ LINE
[2025-05-18 12:05:23Z INFO Terminal] Read value: ''
[2025-05-18 12:05:23Z INFO PromptManager] Falling back to the default: 'Default'
[2025-05-18 12:05:23Z INFO Terminal] WRITE LINE: 
[2025-05-18 12:05:23Z INFO ConfigurationManager] Found a self-hosted runner group with id 1 and name Default
[2025-05-18 12:05:23Z INFO CommandSettings] Flag 'disableupdate': 'False'
[2025-05-18 12:05:23Z INFO CommandSettings] Flag 'ephemeral': 'False'
[2025-05-18 12:05:23Z INFO CommandSettings] Arg 'name': ''
[2025-05-18 12:05:23Z INFO CommandSettings] Flag 'unattended': 'False'
[2025-05-18 12:05:23Z INFO PromptManager] ReadValue
[2025-05-18 12:05:23Z INFO Terminal] WRITE: Enter the name of runner: 
[2025-05-18 12:05:23Z INFO Terminal] WRITE: [press Enter for ULTRALNV] 
[2025-05-18 12:05:23Z INFO Terminal] READ LINE
[2025-05-18 12:05:25Z INFO Terminal] Read value: ''
[2025-05-18 12:05:25Z INFO PromptManager] Falling back to the default: 'ULTRALNV'
[2025-05-18 12:05:25Z INFO Terminal] WRITE LINE: 
[2025-05-18 12:05:25Z INFO CommandSettings] Arg 'labels': ''
[2025-05-18 12:05:25Z INFO CommandSettings] Flag 'unattended': 'False'
[2025-05-18 12:05:25Z INFO PromptManager] ReadValue
[2025-05-18 12:05:25Z INFO Terminal] WRITE: This runner will have the following labels: 'self-hosted', 'Windows', 'X64' 
Enter any additional labels (ex. label-1,label-2): 
[2025-05-18 12:05:25Z INFO Terminal] WRITE: [press Enter to skip] 
[2025-05-18 12:05:25Z INFO Terminal] READ LINE
[2025-05-18 12:05:29Z INFO Terminal] Read value: ''
[2025-05-18 12:05:29Z INFO Terminal] WRITE LINE: 
[2025-05-18 12:05:30Z INFO CommandSettings] Flag 'disableupdate': 'False'
[2025-05-18 12:05:30Z INFO CommandSettings] Flag 'no-default-labels': 'False'
[2025-05-18 12:05:30Z INFO CommandSettings] Flag 'disableupdate': 'False'
[2025-05-18 12:05:30Z INFO CommandSettings] Flag 'ephemeral': 'False'
[2025-05-18 12:05:30Z INFO ConfigurationStore] Saving OAuth credential @ D:\facultate\idp\IDP_PROJECT\actions-runner\.credentials
[2025-05-18 12:05:30Z INFO ConfigurationStore] Credentials Saved.
[2025-05-18 12:05:30Z INFO ConfigurationStore] HasCredentials()
[2025-05-18 12:05:30Z INFO ConfigurationStore] stored True
[2025-05-18 12:05:30Z INFO CredentialManager] GetCredentialProvider
[2025-05-18 12:05:30Z INFO CredentialManager] Creating type OAuth
[2025-05-18 12:05:30Z INFO CredentialManager] Creating credential type: OAuth
[2025-05-18 12:05:30Z INFO RSAEncryptedFileKeyManager] Loading RSA key parameters from file D:\facultate\idp\IDP_PROJECT\actions-runner\.credentials_rsaparams
[2025-05-18 12:05:30Z INFO RunnerServer] EstablishVssConnection
[2025-05-18 12:05:30Z INFO RunnerServer] Establish connection with 100 seconds timeout.
[2025-05-18 12:05:30Z INFO GitHubActionsService] Starting operation Location.GetConnectionData
[2025-05-18 12:05:30Z INFO RunnerServer] EstablishVssConnection
[2025-05-18 12:05:30Z INFO RunnerServer] Establish connection with 60 seconds timeout.
[2025-05-18 12:05:30Z INFO GitHubActionsService] Starting operation Location.GetConnectionData
[2025-05-18 12:05:30Z INFO RunnerServer] EstablishVssConnection
[2025-05-18 12:05:30Z INFO RunnerServer] Establish connection with 60 seconds timeout.
[2025-05-18 12:05:30Z INFO GitHubActionsService] Starting operation Location.GetConnectionData
[2025-05-18 12:05:30Z INFO GitHubActionsService] Finished operation Location.GetConnectionData
[2025-05-18 12:05:30Z INFO GitHubActionsService] Finished operation Location.GetConnectionData
[2025-05-18 12:05:30Z INFO GitHubActionsService] Finished operation Location.GetConnectionData
[2025-05-18 12:05:31Z INFO RSAEncryptedFileKeyManager] Loading RSA key parameters from file D:\facultate\idp\IDP_PROJECT\actions-runner\.credentials_rsaparams
[2025-05-18 12:05:31Z INFO RSAEncryptedFileKeyManager] Loading RSA key parameters from file D:\facultate\idp\IDP_PROJECT\actions-runner\.credentials_rsaparams
[2025-05-18 12:05:31Z INFO GitHubActionsService] AAD Correlation ID for this token request: Unknown
[2025-05-18 12:05:31Z INFO CommandSettings] Arg 'work': ''
[2025-05-18 12:05:31Z INFO CommandSettings] Flag 'unattended': 'False'
[2025-05-18 12:05:31Z INFO PromptManager] ReadValue
[2025-05-18 12:05:31Z INFO Terminal] WRITE: Enter name of work folder: 
[2025-05-18 12:05:31Z INFO Terminal] WRITE: [press Enter for _work] 
[2025-05-18 12:05:31Z INFO Terminal] READ LINE
[2025-05-18 12:05:34Z INFO Terminal] Read value: ''
[2025-05-18 12:05:34Z INFO PromptManager] Falling back to the default: '_work'
[2025-05-18 12:05:34Z INFO ConfigurationStore] Saving runner settings.
[2025-05-18 12:05:34Z INFO ConfigurationStore] Settings Saved.
[2025-05-18 12:05:34Z INFO Terminal] WRITE LINE: 
[2025-05-18 12:05:34Z INFO Terminal] WRITE LINE: 
[2025-05-18 12:05:34Z INFO CommandSettings] Flag 'runasservice': 'False'
[2025-05-18 12:05:34Z INFO CommandSettings] Flag 'unattended': 'False'
[2025-05-18 12:05:34Z INFO PromptManager] ReadValue
[2025-05-18 12:05:34Z INFO Terminal] WRITE: Would you like to run the runner as service? (Y/N) 
[2025-05-18 12:05:34Z INFO Terminal] WRITE: [press Enter for N] 
[2025-05-18 12:05:34Z INFO Terminal] READ LINE
[2025-05-18 12:06:49Z INFO Terminal] Read value: 'N'
[2025-05-18 12:06:49Z INFO Listener] Runner execution has finished with return code 0
